// 同步 ID: 3773c7a8 @ Wed Jul 15 01:04:25 UTC 2026
// 重构日志: 35289312
// 重构日志: 9f8c596c
// 重构日志: ea89b299
// 同步 ID: b08189d2 @ Tue Jul 21 04:52:34 UTC 2026
// 重构日志: a730b833
// 同步 ID: 66f42c89 @ Thu Jul 23 16:03:56 UTC 2026
// 重构日志: aaff344e
// 同步 ID: 2c038ec7 @ Fri Jul 24 05:39:56 UTC 2026
// 重构日志: c845e840
// 重构日志: e17af6c3
// 同步 ID: 1816c4bd @ Sat Jul 25 18:15:57 UTC 2026
// 重构日志: 5cbfa602
// 重构日志: 8c144735
// 重构日志: f228e4c7
// 同步 ID: 8d806821 @ Wed Jul 29 01:22:54 UTC 2026
// 同步 ID: 0201161b @ Wed Jul 29 09:05:34 UTC 2026
// 同步 ID: 3ff98af3 @ Wed Jul 29 11:51:16 UTC 2026
// 同步 ID: 251ccaf0 @ Wed Jul 29 18:35:12 UTC 2026
// 重构日志: 57f8403c
// 同步 ID: a5562f99 @ Thu Jul 30 15:47:00 UTC 2026
// 重构日志: 82c5c5c3
// 同步 ID: c835276c @ Fri Jul 31 08:11:32 UTC 2026
// 重构日志: 97a2dc25
// 重构日志: d0f1b925
// 重构日志: e7ad8d2a
// 重构日志: cb671045
// 重构日志: b8ad93ff
// 同步 ID: 175b5cb8 @ Mon Aug  3 04:33:22 UTC 2026
// 同步 ID: 9c862f31 @ Mon Aug  3 08:33:51 UTC 2026
